// Bun Snapshot v1, https://goo.gl/fbAQLP

exports[`should sort calendar by start date 1`] = `
[
  {
    "end": "2001-01-01T21:00",
    "start": "2001-01-01T12:00",
  },
  {
    "end": "2022-01-01T21:00",
    "start": "2022-01-01T12:00",
  },
  {
    "end": "2023-01-02T21:00",
    "start": "2023-01-02T12:00",
  },
]
`;

exports[`should keep only future occurrences of an event 1`] = `
[
  {
    "adult_fee": 15,
    "audio_lang": "fr",
    "child_fee": 5,
    "end": "2030-10-01T21:00",
    "feature": null,
    "index": 1,
    "start": "2030-10-01T19:30",
  },
  {
    "adult_fee": 35,
    "audio_lang": "fr",
    "child_fee": 10,
    "end": "2100-06-12T14:30",
    "feature": null,
    "index": 2,
    "start": "2100-06-12T12:30",
  },
]
`;
